C:/Users/Nipun/agents-assignment/venv/Scripts/python.exe : Traceback (most recent call last):
At line:1 char:1
+ C:/Users/Nipun/agents-assignment/venv/Scripts/python.exe test_imports ...
+ ~~~~~~~~~~~~~~~~~~~~~~~~~~~~~~~~~~~~~~~~~~~~~~~~~~~~~~~~~~~~~~~~~~~~~
    + CategoryInfo          : NotSpecified: (Traceback (most recent call last)::String) [], RemoteException
    + FullyQualifiedErrorId : NativeCommandError
 
  File "C:\Users\Nipun\agents-assignment\test_imports_2.py", line 1, in <module>
    from livekit.plugins import assemblyai
  File "C:\Users\Nipun\agents-assignment\livekit-plugins\livekit-plugins-assemblyai\livekit\plugins\assemblyai\__init__.py", line 
19, in <module>
    from .stt import STT, SpeechStream
  File "C:\Users\Nipun\agents-assignment\livekit-plugins\livekit-plugins-assemblyai\livekit\plugins\assemblyai\stt.py", line 29, in 
<module>
    from livekit.agents import (
  File "C:\Users\Nipun\agents-assignment\livekit-agents\livekit\agents\__init__.py", line 23, in <module>
    from . import cli, inference, ipc, llm, metrics, stt, tokenize, tts, utils, vad, voice
  File "C:\Users\Nipun\agents-assignment\livekit-agents\livekit\agents\cli\__init__.py", line 1, in <module>
    from .cli import AgentsConsole, run_app
  File "C:\Users\Nipun\agents-assignment\livekit-agents\livekit\agents\cli\cli.py", line 42, in <module>
    from ..job import JobExecutorType
  File "C:\Users\Nipun\agents-assignment\livekit-agents\livekit\agents\job.py", line 41, in <module>
    from .telemetry import _upload_session_report, trace_types, tracer
  File "C:\Users\Nipun\agents-assignment\livekit-agents\livekit\agents\telemetry\__init__.py", line 1, in <module>
    from . import http_server, metrics, trace_types, utils
  File "C:\Users\Nipun\agents-assignment\livekit-agents\livekit\agents\telemetry\http_server.py", line 15, in <module>
    from .. import utils
  File "C:\Users\Nipun\agents-assignment\livekit-agents\livekit\agents\utils\__init__.py", line 3, in <module>
    from . import aio, audio, codecs, http_context, http_server, hw, images
  File "C:\Users\Nipun\agents-assignment\livekit-agents\livekit\agents\utils\codecs\__init__.py", line 15, in <module>
    from .decoder import AudioStreamDecoder, StreamBuffer
  File "C:\Users\Nipun\agents-assignment\livekit-agents\livekit\agents\utils\codecs\decoder.py", line 25, in <module>
    import av
  File "C:\Users\Nipun\agents-assignment\venv\lib\site-packages\av\__init__.py", line 16, in <module>
    from av._core import time_base, library_versions, ffmpeg_version_info
ImportError: DLL load failed while importing _core: The specified module could not be found.
